../Core/Src/main.c:70:5:main	8	static
../Core/Src/main.c:150:6:SystemClock_Config	80	static
../Core/Src/main.c:194:13:MX_ADC_Init	24	static
../Core/Src/main.c:249:13:MX_TIM2_Init	32	static
../Core/Src/main.c:297:13:MX_TIM3_Init	32	static
../Core/Src/main.c:346:13:MX_TIM4_Init	32	static
../Core/Src/main.c:395:13:MX_TIM6_Init	16	static
../Core/Src/main.c:433:13:MX_USART2_UART_Init	8	static
../Core/Src/main.c:466:13:MX_USART3_UART_Init	8	static
../Core/Src/main.c:499:13:MX_GPIO_Init	48	static
../Core/Src/main.c:546:6:HAL_TIM_PeriodElapsedCallback	16	static
../Core/Src/main.c:556:6:HAL_UART_TxCpltCallback	16	static
../Core/Src/main.c:566:6:HAL_UART_RxCpltCallback	16	static
../Core/Src/main.c:585:6:Error_Handler	4	static,ignoring_inline_asm
